/home/nathan/Devel/3dplot/stuff/data/data0000.dat
/home/nathan/Devel/3dplot/stuff/data/data0001.dat
/home/nathan/Devel/3dplot/stuff/data/data0002.dat
/home/nathan/Devel/3dplot/stuff/data/data0003.dat
/home/nathan/Devel/3dplot/stuff/data/data0004.dat
/home/nathan/Devel/3dplot/stuff/data/data0005.dat
/home/nathan/Devel/3dplot/stuff/data/data0006.dat
/home/nathan/Devel/3dplot/stuff/data/data0007.dat
/home/nathan/Devel/3dplot/stuff/data/data0008.dat
/home/nathan/Devel/3dplot/stuff/data/data0009.dat
/home/nathan/Devel/3dplot/stuff/data/data0010.dat
/home/nathan/Devel/3dplot/stuff/data/data0011.dat
/home/nathan/Devel/3dplot/stuff/data/data0012.dat
/home/nathan/Devel/3dplot/stuff/data/data0013.dat
/home/nathan/Devel/3dplot/stuff/data/data0014.dat
/home/nathan/Devel/3dplot/stuff/data/data0015.dat
/home/nathan/Devel/3dplot/stuff/data/data0016.dat
/home/nathan/Devel/3dplot/stuff/data/data0017.dat
/home/nathan/Devel/3dplot/stuff/data/data0018.dat
/home/nathan/Devel/3dplot/stuff/data/data0019.dat
/home/nathan/Devel/3dplot/stuff/data/data0020.dat
/home/nathan/Devel/3dplot/stuff/data/data0021.dat
/home/nathan/Devel/3dplot/stuff/data/data0022.dat
/home/nathan/Devel/3dplot/stuff/data/data0023.dat
/home/nathan/Devel/3dplot/stuff/data/data0024.dat
/home/nathan/Devel/3dplot/stuff/data/data0025.dat
/home/nathan/Devel/3dplot/stuff/data/data0026.dat
/home/nathan/Devel/3dplot/stuff/data/data0027.dat
/home/nathan/Devel/3dplot/stuff/data/data0028.dat
/home/nathan/Devel/3dplot/stuff/data/data0029.dat
/home/nathan/Devel/3dplot/stuff/data/data0030.dat
/home/nathan/Devel/3dplot/stuff/data/data0031.dat
/home/nathan/Devel/3dplot/stuff/data/data0032.dat
/home/nathan/Devel/3dplot/stuff/data/data0033.dat
/home/nathan/Devel/3dplot/stuff/data/data0034.dat
/home/nathan/Devel/3dplot/stuff/data/data0035.dat
/home/nathan/Devel/3dplot/stuff/data/data0036.dat
/home/nathan/Devel/3dplot/stuff/data/data0037.dat
/home/nathan/Devel/3dplot/stuff/data/data0038.dat
/home/nathan/Devel/3dplot/stuff/data/data0039.dat
/home/nathan/Devel/3dplot/stuff/data/data0040.dat
/home/nathan/Devel/3dplot/stuff/data/data0041.dat
/home/nathan/Devel/3dplot/stuff/data/data0042.dat
/home/nathan/Devel/3dplot/stuff/data/data0043.dat
/home/nathan/Devel/3dplot/stuff/data/data0044.dat
/home/nathan/Devel/3dplot/stuff/data/data0045.dat
/home/nathan/Devel/3dplot/stuff/data/data0046.dat
/home/nathan/Devel/3dplot/stuff/data/data0047.dat
/home/nathan/Devel/3dplot/stuff/data/data0048.dat
/home/nathan/Devel/3dplot/stuff/data/data0049.dat
/home/nathan/Devel/3dplot/stuff/data/data0050.dat
/home/nathan/Devel/3dplot/stuff/data/data0051.dat
/home/nathan/Devel/3dplot/stuff/data/data0052.dat
/home/nathan/Devel/3dplot/stuff/data/data0053.dat
/home/nathan/Devel/3dplot/stuff/data/data0054.dat
/home/nathan/Devel/3dplot/stuff/data/data0055.dat
/home/nathan/Devel/3dplot/stuff/data/data0056.dat
/home/nathan/Devel/3dplot/stuff/data/data0057.dat
/home/nathan/Devel/3dplot/stuff/data/data0058.dat
/home/nathan/Devel/3dplot/stuff/data/data0059.dat
/home/nathan/Devel/3dplot/stuff/data/data0060.dat
/home/nathan/Devel/3dplot/stuff/data/data0061.dat
/home/nathan/Devel/3dplot/stuff/data/data0062.dat
/home/nathan/Devel/3dplot/stuff/data/data0063.dat
/home/nathan/Devel/3dplot/stuff/data/data0064.dat
/home/nathan/Devel/3dplot/stuff/data/data0065.dat
/home/nathan/Devel/3dplot/stuff/data/data0066.dat
/home/nathan/Devel/3dplot/stuff/data/data0067.dat
/home/nathan/Devel/3dplot/stuff/data/data0068.dat
/home/nathan/Devel/3dplot/stuff/data/data0069.dat
/home/nathan/Devel/3dplot/stuff/data/data0070.dat
/home/nathan/Devel/3dplot/stuff/data/data0071.dat
/home/nathan/Devel/3dplot/stuff/data/data0072.dat
/home/nathan/Devel/3dplot/stuff/data/data0073.dat
/home/nathan/Devel/3dplot/stuff/data/data0074.dat
/home/nathan/Devel/3dplot/stuff/data/data0075.dat
/home/nathan/Devel/3dplot/stuff/data/data0076.dat
/home/nathan/Devel/3dplot/stuff/data/data0077.dat
/home/nathan/Devel/3dplot/stuff/data/data0078.dat
/home/nathan/Devel/3dplot/stuff/data/data0079.dat
/home/nathan/Devel/3dplot/stuff/data/data0080.dat
/home/nathan/Devel/3dplot/stuff/data/data0081.dat
/home/nathan/Devel/3dplot/stuff/data/data0082.dat
/home/nathan/Devel/3dplot/stuff/data/data0083.dat
/home/nathan/Devel/3dplot/stuff/data/data0084.dat
/home/nathan/Devel/3dplot/stuff/data/data0085.dat
/home/nathan/Devel/3dplot/stuff/data/data0086.dat
/home/nathan/Devel/3dplot/stuff/data/data0087.dat
/home/nathan/Devel/3dplot/stuff/data/data0088.dat
/home/nathan/Devel/3dplot/stuff/data/data0089.dat
/home/nathan/Devel/3dplot/stuff/data/data0090.dat
/home/nathan/Devel/3dplot/stuff/data/data0091.dat
/home/nathan/Devel/3dplot/stuff/data/data0092.dat
/home/nathan/Devel/3dplot/stuff/data/data0093.dat
/home/nathan/Devel/3dplot/stuff/data/data0094.dat
/home/nathan/Devel/3dplot/stuff/data/data0095.dat
/home/nathan/Devel/3dplot/stuff/data/data0096.dat
/home/nathan/Devel/3dplot/stuff/data/data0097.dat
/home/nathan/Devel/3dplot/stuff/data/data0098.dat
/home/nathan/Devel/3dplot/stuff/data/data0099.dat
